
--- 2026-05-21T03:29:52.986Z debug
🪵  Writing logs to "C:\Users\user\static-landing-generator\.wrangler-local\.wrangler\logs\wrangler-2026-05-21_03-29-52_850.log"
---

--- 2026-05-21T03:29:52.986Z debug
.env file not found at "C:\Users\user\static-landing-generator\.env". Continuing... For more details, refer to https://developers.cloudflare.com/workers/wrangler/system-environment-variables/
---

--- 2026-05-21T03:29:52.986Z debug
.env file not found at "C:\Users\user\static-landing-generator\.env.local". Continuing... For more details, refer to https://developers.cloudflare.com/workers/wrangler/system-environment-variables/
---

--- 2026-05-21T03:29:52.992Z log

 ⛅️ wrangler 4.93.0
───────────────────
---

--- 2026-05-21T03:29:52.994Z debug
Metrics dispatcher: Posting data {"deviceId":"e9ca98a5-2581-461e-ada9-0fc2f7e6c96e","event":"wrangler command started","timestamp":1779334192994,"properties":{"amplitude_session_id":1779334192993,"amplitude_event_id":0,"wranglerVersion":"4.93.0","wranglerMajorVersion":4,"wranglerMinorVersion":93,"wranglerPatchVersion":0,"osPlatform":"Windows","osVersion":"Windows 11 Pro","nodeVersion":24,"isFirstUsage":false,"configFileType":"none","isCI":false,"isPagesCI":false,"isWorkersCI":false,"isInteractive":true,"hasAssets":false,"agent":null,"argsUsed":["projectName"],"argsCombination":"projectName","sanitizedCommand":"pages deploy","sanitizedArgs":{}}}
---

--- 2026-05-21T03:29:53.008Z debug
Retrieving cached values for account_id and project_name from node_modules\.cache\wrangler
---

--- 2026-05-21T03:29:53.017Z debug
-- START CF API REQUEST: GET https://api.cloudflare.com/client/v4/accounts/bc1bdebe9aa875983a540e4865703d33/pages/projects/new-project-b
---

--- 2026-05-21T03:29:53.017Z debug
QUERY STRING: omitted; set WRANGLER_LOG_SANITIZE=false to include sanitized data
---

--- 2026-05-21T03:29:53.018Z debug
HEADERS: omitted; set WRANGLER_LOG_SANITIZE=false to include sanitized data
---

--- 2026-05-21T03:29:53.018Z debug
INIT: omitted; set WRANGLER_LOG_SANITIZE=false to include sanitized data
---

--- 2026-05-21T03:29:53.018Z debug
-- END CF API REQUEST
---

--- 2026-05-21T03:29:53.340Z debug
-- START CF API RESPONSE: OK 200
---

--- 2026-05-21T03:29:53.342Z debug
HEADERS: omitted; set WRANGLER_LOG_SANITIZE=false to include sanitized data
---

--- 2026-05-21T03:29:53.342Z debug
RESPONSE: omitted; set WRANGLER_LOG_SANITIZE=false to include sanitized data
---

--- 2026-05-21T03:29:53.342Z debug
-- END CF API RESPONSE
---

--- 2026-05-21T03:29:53.346Z debug
pages deploy: Detecting git repository information...
---

--- 2026-05-21T03:29:53.414Z debug
pages deploy: Git repository detected
---

--- 2026-05-21T03:29:53.487Z debug
pages deploy: Working directory dirty status: true
---

--- 2026-05-21T03:29:53.551Z debug
pages deploy: Detected branch: "main"
---

--- 2026-05-21T03:29:53.613Z debug
pages deploy: Detected commit hash: "1a999693d8f7af342fe90622af43786a66a07166"
---

--- 2026-05-21T03:29:53.667Z debug
pages deploy: Detected commit message: "Differentiate domain landing layouts"
---

--- 2026-05-21T03:29:53.667Z debug
pages deploy: Git information summary - branch: main, commitHash: 1a999693d8f7af342fe90622af43786a66a07166, commitDirty: true
---

--- 2026-05-21T03:29:53.668Z debug
-- START CF API REQUEST: GET https://api.cloudflare.com/client/v4/accounts/bc1bdebe9aa875983a540e4865703d33/pages/projects/new-project-b
---

--- 2026-05-21T03:29:53.668Z debug
QUERY STRING: omitted; set WRANGLER_LOG_SANITIZE=false to include sanitized data
---

--- 2026-05-21T03:29:53.669Z debug
HEADERS: omitted; set WRANGLER_LOG_SANITIZE=false to include sanitized data
---

--- 2026-05-21T03:29:53.669Z debug
INIT: omitted; set WRANGLER_LOG_SANITIZE=false to include sanitized data
---

--- 2026-05-21T03:29:53.669Z debug
-- END CF API REQUEST
---

--- 2026-05-21T03:29:53.970Z debug
-- START CF API RESPONSE: OK 200
---

--- 2026-05-21T03:29:53.970Z debug
HEADERS: omitted; set WRANGLER_LOG_SANITIZE=false to include sanitized data
---

--- 2026-05-21T03:29:53.970Z debug
RESPONSE: omitted; set WRANGLER_LOG_SANITIZE=false to include sanitized data
---

--- 2026-05-21T03:29:53.970Z debug
-- END CF API RESPONSE
---

--- 2026-05-21T03:29:54.047Z log
✨ Compiled Worker successfully
---

--- 2026-05-21T03:29:54.085Z debug
-- START CF API REQUEST: GET https://api.cloudflare.com/client/v4/accounts/bc1bdebe9aa875983a540e4865703d33/pages/projects/new-project-b/upload-token
---

--- 2026-05-21T03:29:54.085Z debug
QUERY STRING: omitted; set WRANGLER_LOG_SANITIZE=false to include sanitized data
---

--- 2026-05-21T03:29:54.085Z debug
HEADERS: omitted; set WRANGLER_LOG_SANITIZE=false to include sanitized data
---

--- 2026-05-21T03:29:54.085Z debug
INIT: omitted; set WRANGLER_LOG_SANITIZE=false to include sanitized data
---

--- 2026-05-21T03:29:54.085Z debug
-- END CF API REQUEST
---

--- 2026-05-21T03:29:54.420Z debug
-- START CF API RESPONSE: OK 200
---

--- 2026-05-21T03:29:54.420Z debug
HEADERS: omitted; set WRANGLER_LOG_SANITIZE=false to include sanitized data
---

--- 2026-05-21T03:29:54.420Z debug
RESPONSE: omitted; set WRANGLER_LOG_SANITIZE=false to include sanitized data
---

--- 2026-05-21T03:29:54.421Z debug
-- END CF API RESPONSE
---

--- 2026-05-21T03:29:54.438Z debug
-- START CF API REQUEST: GET https://api.cloudflare.com/client/v4/accounts/bc1bdebe9aa875983a540e4865703d33/pages/projects/new-project-b/upload-token
---

--- 2026-05-21T03:29:54.438Z debug
QUERY STRING: omitted; set WRANGLER_LOG_SANITIZE=false to include sanitized data
---

--- 2026-05-21T03:29:54.438Z debug
HEADERS: omitted; set WRANGLER_LOG_SANITIZE=false to include sanitized data
---

--- 2026-05-21T03:29:54.438Z debug
INIT: omitted; set WRANGLER_LOG_SANITIZE=false to include sanitized data
---

--- 2026-05-21T03:29:54.438Z debug
-- END CF API REQUEST
---

--- 2026-05-21T03:29:54.760Z debug
-- START CF API RESPONSE: OK 200
---

--- 2026-05-21T03:29:54.760Z debug
HEADERS: omitted; set WRANGLER_LOG_SANITIZE=false to include sanitized data
---

--- 2026-05-21T03:29:54.760Z debug
RESPONSE: omitted; set WRANGLER_LOG_SANITIZE=false to include sanitized data
---

--- 2026-05-21T03:29:54.761Z debug
-- END CF API RESPONSE
---

--- 2026-05-21T03:29:54.761Z debug
-- START CF API REQUEST: POST https://api.cloudflare.com/client/v4/pages/assets/check-missing
---

--- 2026-05-21T03:29:54.762Z debug
QUERY STRING: omitted; set WRANGLER_LOG_SANITIZE=false to include sanitized data
---

--- 2026-05-21T03:29:54.762Z debug
HEADERS: omitted; set WRANGLER_LOG_SANITIZE=false to include sanitized data
---

--- 2026-05-21T03:29:54.762Z debug
INIT: omitted; set WRANGLER_LOG_SANITIZE=false to include sanitized data
---

--- 2026-05-21T03:29:54.762Z debug
-- END CF API REQUEST
---

--- 2026-05-21T03:29:55.164Z debug
-- START CF API RESPONSE: OK 200
---

--- 2026-05-21T03:29:55.165Z debug
HEADERS: omitted; set WRANGLER_LOG_SANITIZE=false to include sanitized data
---

--- 2026-05-21T03:29:55.166Z debug
RESPONSE: omitted; set WRANGLER_LOG_SANITIZE=false to include sanitized data
---

--- 2026-05-21T03:29:55.166Z debug
-- END CF API RESPONSE
---

--- 2026-05-21T03:29:55.173Z debug
POST /pages/assets/upload
---

--- 2026-05-21T03:29:55.174Z debug
-- START CF API REQUEST: POST https://api.cloudflare.com/client/v4/pages/assets/upload
---

--- 2026-05-21T03:29:55.174Z debug
QUERY STRING: omitted; set WRANGLER_LOG_SANITIZE=false to include sanitized data
---

--- 2026-05-21T03:29:55.175Z debug
HEADERS: omitted; set WRANGLER_LOG_SANITIZE=false to include sanitized data
---

--- 2026-05-21T03:29:55.175Z debug
INIT: omitted; set WRANGLER_LOG_SANITIZE=false to include sanitized data
---

--- 2026-05-21T03:29:55.175Z debug
-- END CF API REQUEST
---

--- 2026-05-21T03:29:55.176Z debug
POST /pages/assets/upload
---

--- 2026-05-21T03:29:55.176Z debug
-- START CF API REQUEST: POST https://api.cloudflare.com/client/v4/pages/assets/upload
---

--- 2026-05-21T03:29:55.176Z debug
QUERY STRING: omitted; set WRANGLER_LOG_SANITIZE=false to include sanitized data
---

--- 2026-05-21T03:29:55.176Z debug
HEADERS: omitted; set WRANGLER_LOG_SANITIZE=false to include sanitized data
---

--- 2026-05-21T03:29:55.176Z debug
INIT: omitted; set WRANGLER_LOG_SANITIZE=false to include sanitized data
---

--- 2026-05-21T03:29:55.176Z debug
-- END CF API REQUEST
---

--- 2026-05-21T03:29:55.177Z debug
POST /pages/assets/upload
---

--- 2026-05-21T03:29:55.178Z debug
-- START CF API REQUEST: POST https://api.cloudflare.com/client/v4/pages/assets/upload
---

--- 2026-05-21T03:29:55.178Z debug
QUERY STRING: omitted; set WRANGLER_LOG_SANITIZE=false to include sanitized data
---

--- 2026-05-21T03:29:55.178Z debug
HEADERS: omitted; set WRANGLER_LOG_SANITIZE=false to include sanitized data
---

--- 2026-05-21T03:29:55.178Z debug
INIT: omitted; set WRANGLER_LOG_SANITIZE=false to include sanitized data
---

--- 2026-05-21T03:29:55.178Z debug
-- END CF API REQUEST
---

--- 2026-05-21T03:29:55.733Z debug
-- START CF API RESPONSE: OK 200
---

--- 2026-05-21T03:29:55.734Z debug
HEADERS: omitted; set WRANGLER_LOG_SANITIZE=false to include sanitized data
---

--- 2026-05-21T03:29:55.734Z debug
RESPONSE: omitted; set WRANGLER_LOG_SANITIZE=false to include sanitized data
---

--- 2026-05-21T03:29:55.734Z debug
-- END CF API RESPONSE
---

--- 2026-05-21T03:29:55.734Z debug
result: { successful_key_count: 4, unsuccessful_keys: [] }
---

--- 2026-05-21T03:29:55.859Z debug
-- START CF API RESPONSE: OK 200
---

--- 2026-05-21T03:29:55.860Z debug
HEADERS: omitted; set WRANGLER_LOG_SANITIZE=false to include sanitized data
---

--- 2026-05-21T03:29:55.860Z debug
RESPONSE: omitted; set WRANGLER_LOG_SANITIZE=false to include sanitized data
---

--- 2026-05-21T03:29:55.860Z debug
-- END CF API RESPONSE
---

--- 2026-05-21T03:29:55.860Z debug
result: { successful_key_count: 4, unsuccessful_keys: [] }
---

--- 2026-05-21T03:29:55.949Z debug
-- START CF API RESPONSE: OK 200
---

--- 2026-05-21T03:29:55.951Z debug
HEADERS: omitted; set WRANGLER_LOG_SANITIZE=false to include sanitized data
---

--- 2026-05-21T03:29:55.951Z debug
RESPONSE: omitted; set WRANGLER_LOG_SANITIZE=false to include sanitized data
---

--- 2026-05-21T03:29:55.951Z debug
-- END CF API RESPONSE
---

--- 2026-05-21T03:29:55.951Z debug
result: { successful_key_count: 4, unsuccessful_keys: [] }
---

--- 2026-05-21T03:29:55.952Z log
✨ Success! Uploaded 12 files (3 already uploaded) (1.19 sec)

---

--- 2026-05-21T03:29:55.952Z debug
-- START CF API REQUEST: POST https://api.cloudflare.com/client/v4/pages/assets/upsert-hashes
---

--- 2026-05-21T03:29:55.952Z debug
QUERY STRING: omitted; set WRANGLER_LOG_SANITIZE=false to include sanitized data
---

--- 2026-05-21T03:29:55.952Z debug
HEADERS: omitted; set WRANGLER_LOG_SANITIZE=false to include sanitized data
---

--- 2026-05-21T03:29:55.952Z debug
INIT: omitted; set WRANGLER_LOG_SANITIZE=false to include sanitized data
---

--- 2026-05-21T03:29:55.952Z debug
-- END CF API REQUEST
---

--- 2026-05-21T03:29:56.404Z debug
-- START CF API RESPONSE: OK 200
---

--- 2026-05-21T03:29:56.405Z debug
HEADERS: omitted; set WRANGLER_LOG_SANITIZE=false to include sanitized data
---

--- 2026-05-21T03:29:56.405Z debug
RESPONSE: omitted; set WRANGLER_LOG_SANITIZE=false to include sanitized data
---

--- 2026-05-21T03:29:56.405Z debug
-- END CF API RESPONSE
---

--- 2026-05-21T03:29:56.412Z log
✨ Uploading Functions bundle
---

--- 2026-05-21T03:29:56.414Z debug
-- START CF API REQUEST: POST https://api.cloudflare.com/client/v4/accounts/bc1bdebe9aa875983a540e4865703d33/pages/projects/new-project-b/deployments
---

--- 2026-05-21T03:29:56.415Z debug
QUERY STRING: omitted; set WRANGLER_LOG_SANITIZE=false to include sanitized data
---

--- 2026-05-21T03:29:56.416Z debug
HEADERS: omitted; set WRANGLER_LOG_SANITIZE=false to include sanitized data
---

--- 2026-05-21T03:29:56.417Z debug
INIT: omitted; set WRANGLER_LOG_SANITIZE=false to include sanitized data
---

--- 2026-05-21T03:29:56.420Z debug
BODY: omitted; set WRANGLER_LOG_SANITIZE=false to include sanitized data
---

--- 2026-05-21T03:29:56.420Z debug
-- END CF API REQUEST
---

--- 2026-05-21T03:29:57.268Z debug
-- START CF API RESPONSE: OK 200
---

--- 2026-05-21T03:29:57.268Z debug
HEADERS: omitted; set WRANGLER_LOG_SANITIZE=false to include sanitized data
---

--- 2026-05-21T03:29:57.268Z debug
RESPONSE: omitted; set WRANGLER_LOG_SANITIZE=false to include sanitized data
---

--- 2026-05-21T03:29:57.268Z debug
-- END CF API RESPONSE
---

--- 2026-05-21T03:29:57.268Z debug
Saving to cache: {"account_id":"bc1bdebe9aa875983a540e4865703d33","project_name":"new-project-b"}
---

--- 2026-05-21T03:29:57.270Z log
🌎 Deploying...
---

--- 2026-05-21T03:29:58.277Z debug
attempt #1: Attempting to fetch status for deployment with id "25ebc4c3-2f2b-4cb1-8f81-802ec039b716" ...
---

--- 2026-05-21T03:29:58.278Z debug
-- START CF API REQUEST: GET https://api.cloudflare.com/client/v4/accounts/bc1bdebe9aa875983a540e4865703d33/pages/projects/new-project-b/deployments/25ebc4c3-2f2b-4cb1-8f81-802ec039b716
---

--- 2026-05-21T03:29:58.278Z debug
QUERY STRING: omitted; set WRANGLER_LOG_SANITIZE=false to include sanitized data
---

--- 2026-05-21T03:29:58.279Z debug
HEADERS: omitted; set WRANGLER_LOG_SANITIZE=false to include sanitized data
---

--- 2026-05-21T03:29:58.279Z debug
INIT: omitted; set WRANGLER_LOG_SANITIZE=false to include sanitized data
---

--- 2026-05-21T03:29:58.279Z debug
-- END CF API REQUEST
---

--- 2026-05-21T03:30:00.930Z debug
-- START CF API RESPONSE: OK 200
---

--- 2026-05-21T03:30:00.930Z debug
HEADERS: omitted; set WRANGLER_LOG_SANITIZE=false to include sanitized data
---

--- 2026-05-21T03:30:00.930Z debug
RESPONSE: omitted; set WRANGLER_LOG_SANITIZE=false to include sanitized data
---

--- 2026-05-21T03:30:00.930Z debug
-- END CF API RESPONSE
---

--- 2026-05-21T03:30:00.930Z log
✨ Deployment complete! Take a peek over at https://25ebc4c3.new-project-b.pages.dev
---

--- 2026-05-21T03:30:00.932Z debug
Metrics dispatcher: Posting data {"deviceId":"e9ca98a5-2581-461e-ada9-0fc2f7e6c96e","event":"create pages deployment","timestamp":1779334200932,"properties":{"amplitude_session_id":1779334200931,"amplitude_event_id":0,"wranglerVersion":"4.93.0","wranglerMajorVersion":4,"wranglerMinorVersion":93,"wranglerPatchVersion":0,"osPlatform":"Windows","osVersion":"Windows 11 Pro","nodeVersion":24,"isFirstUsage":false,"configFileType":"none","isCI":false,"isPagesCI":false,"isWorkersCI":false,"isInteractive":true,"hasAssets":false,"agent":null,"category":"Workers","os":"win32:x64"}}
---

--- 2026-05-21T03:30:00.934Z debug
Metrics dispatcher: Posting data {"deviceId":"e9ca98a5-2581-461e-ada9-0fc2f7e6c96e","event":"wrangler command completed","timestamp":1779334200934,"properties":{"amplitude_session_id":1779334192993,"amplitude_event_id":1,"wranglerVersion":"4.93.0","wranglerMajorVersion":4,"wranglerMinorVersion":93,"wranglerPatchVersion":0,"osPlatform":"Windows","osVersion":"Windows 11 Pro","nodeVersion":24,"isFirstUsage":false,"configFileType":"none","isCI":false,"isPagesCI":false,"isWorkersCI":false,"isInteractive":true,"hasAssets":false,"agent":null,"argsUsed":["projectName"],"argsCombination":"projectName","sanitizedCommand":"pages deploy","sanitizedArgs":{},"durationMs":7946}}
---
