
--- 2026-05-21T03:29:27.938Z debug
🪵  Writing logs to "C:\Users\user\static-landing-generator\.wrangler-local\.wrangler\logs\wrangler-2026-05-21_03-29-27_796.log"
---

--- 2026-05-21T03:29:27.938Z debug
.env file not found at "C:\Users\user\static-landing-generator\.env". Continuing... For more details, refer to https://developers.cloudflare.com/workers/wrangler/system-environment-variables/
---

--- 2026-05-21T03:29:27.939Z debug
.env file not found at "C:\Users\user\static-landing-generator\.env.local". Continuing... For more details, refer to https://developers.cloudflare.com/workers/wrangler/system-environment-variables/
---

--- 2026-05-21T03:29:27.944Z log

 ⛅️ wrangler 4.93.0
───────────────────
---

--- 2026-05-21T03:29:27.951Z debug
Metrics dispatcher: Posting data {"deviceId":"e9ca98a5-2581-461e-ada9-0fc2f7e6c96e","event":"wrangler command started","timestamp":1779334167950,"properties":{"amplitude_session_id":1779334167946,"amplitude_event_id":0,"wranglerVersion":"4.93.0","wranglerMajorVersion":4,"wranglerMinorVersion":93,"wranglerPatchVersion":0,"osPlatform":"Windows","osVersion":"Windows 11 Pro","nodeVersion":24,"isFirstUsage":true,"configFileType":"none","isCI":false,"isPagesCI":false,"isWorkersCI":false,"isInteractive":true,"hasAssets":false,"agent":null,"argsUsed":["projectName"],"argsCombination":"projectName","sanitizedCommand":"pages deploy","sanitizedArgs":{}}}
---

--- 2026-05-21T03:29:27.963Z debug
Retrieving cached values for account_id from node_modules\.cache\wrangler
---

--- 2026-05-21T03:29:27.964Z log
Attempting to login via OAuth...
---

--- 2026-05-21T03:29:27.974Z log
Opening a link in your default browser: https://dash.cloudflare.com/oauth2/auth?response_type=code&client_id=54d11594-84e4-41aa-b438-e81b8fa78ee7&redirect_uri=http%3A%2F%2Flocalhost%3A8976%2Foauth%2Fcallback&scope=account%3Aread%20user%3Aread%20workers%3Awrite%20workers_kv%3Awrite%20workers_routes%3Awrite%20workers_scripts%3Awrite%20workers_tail%3Aread%20d1%3Awrite%20pages%3Awrite%20zone%3Aread%20ssl_certs%3Awrite%20ai%3Awrite%20ai-search%3Awrite%20ai-search%3Arun%20queues%3Awrite%20pipelines%3Awrite%20secrets_store%3Awrite%20artifacts%3Awrite%20flagship%3Awrite%20containers%3Awrite%20cloudchamber%3Awrite%20connectivity%3Aadmin%20email_routing%3Awrite%20email_sending%3Awrite%20browser%3Awrite%20offline_access&state=7d~AiyUE0_ui_Xj9H_.bUkyqw2gWnbRq&code_challenge=9MrEq3ByLwAvwv35U3Aj6R2RklNnNIR0SpEveFHGht8&code_challenge_method=S256
---

--- 2026-05-21T03:29:44.500Z debug
fetching auth token grant_type=authorization_code&code=WwluyiTRZw6atq9TNFSP5nUbWc2jlPF-KobrSXPfEys.mG1Slyhqov35487mSUaCaM1GS4R3x9TBRLXcL1Y2K_I&redirect_uri=http%3A%2F%2Flocalhost%3A8976%2Foauth%2Fcallback&client_id=54d11594-84e4-41aa-b438-e81b8fa78ee7&code_verifier=N2NZTF9feTlOcEJWUUpwam9FNEp5ek5kS1NCMzFLdExtby5rS2FHeGEwMGcyaWJSejlTZmhvYVlBUkR0bHlDaEdIfkVPYWZSeXM0RS5LYlRLRWlXUnJvRm5rRS05Yi1M
---

--- 2026-05-21T03:29:44.500Z debug
Checking if domain has Access enabled: dash.cloudflare.com
---

--- 2026-05-21T03:29:44.500Z debug
Access switch not cached for: dash.cloudflare.com
---

--- 2026-05-21T03:29:44.528Z debug
Caching access switch for: dash.cloudflare.com
---

--- 2026-05-21T03:29:44.528Z debug
Fetching auth token from https://dash.cloudflare.com/oauth2/token
---

--- 2026-05-21T03:29:44.738Z log
Successfully logged in.
---

--- 2026-05-21T03:29:44.740Z debug
-- START CF API REQUEST: GET https://api.cloudflare.com/client/v4/accounts/bc1bdebe9aa875983a540e4865703d33/pages/projects/new-project
---

--- 2026-05-21T03:29:44.740Z debug
QUERY STRING: omitted; set WRANGLER_LOG_SANITIZE=false to include sanitized data
---

--- 2026-05-21T03:29:44.740Z debug
HEADERS: omitted; set WRANGLER_LOG_SANITIZE=false to include sanitized data
---

--- 2026-05-21T03:29:44.740Z debug
INIT: omitted; set WRANGLER_LOG_SANITIZE=false to include sanitized data
---

--- 2026-05-21T03:29:44.740Z debug
-- END CF API REQUEST
---

--- 2026-05-21T03:29:45.071Z debug
-- START CF API RESPONSE: OK 200
---

--- 2026-05-21T03:29:45.071Z debug
HEADERS: omitted; set WRANGLER_LOG_SANITIZE=false to include sanitized data
---

--- 2026-05-21T03:29:45.071Z debug
RESPONSE: omitted; set WRANGLER_LOG_SANITIZE=false to include sanitized data
---

--- 2026-05-21T03:29:45.071Z debug
-- END CF API RESPONSE
---

--- 2026-05-21T03:29:45.073Z debug
pages deploy: Detecting git repository information...
---

--- 2026-05-21T03:29:45.149Z debug
pages deploy: Git repository detected
---

--- 2026-05-21T03:29:45.294Z debug
pages deploy: Working directory dirty status: true
---

--- 2026-05-21T03:29:45.363Z debug
pages deploy: Detected branch: "main"
---

--- 2026-05-21T03:29:45.427Z debug
pages deploy: Detected commit hash: "1a999693d8f7af342fe90622af43786a66a07166"
---

--- 2026-05-21T03:29:45.488Z debug
pages deploy: Detected commit message: "Differentiate domain landing layouts"
---

--- 2026-05-21T03:29:45.488Z debug
pages deploy: Git information summary - branch: main, commitHash: 1a999693d8f7af342fe90622af43786a66a07166, commitDirty: true
---

--- 2026-05-21T03:29:45.489Z debug
-- START CF API REQUEST: GET https://api.cloudflare.com/client/v4/accounts/bc1bdebe9aa875983a540e4865703d33/pages/projects/new-project
---

--- 2026-05-21T03:29:45.489Z debug
QUERY STRING: omitted; set WRANGLER_LOG_SANITIZE=false to include sanitized data
---

--- 2026-05-21T03:29:45.489Z debug
HEADERS: omitted; set WRANGLER_LOG_SANITIZE=false to include sanitized data
---

--- 2026-05-21T03:29:45.489Z debug
INIT: omitted; set WRANGLER_LOG_SANITIZE=false to include sanitized data
---

--- 2026-05-21T03:29:45.489Z debug
-- END CF API REQUEST
---

--- 2026-05-21T03:29:46.045Z debug
-- START CF API RESPONSE: OK 200
---

--- 2026-05-21T03:29:46.045Z debug
HEADERS: omitted; set WRANGLER_LOG_SANITIZE=false to include sanitized data
---

--- 2026-05-21T03:29:46.045Z debug
RESPONSE: omitted; set WRANGLER_LOG_SANITIZE=false to include sanitized data
---

--- 2026-05-21T03:29:46.045Z debug
-- END CF API RESPONSE
---

--- 2026-05-21T03:29:46.221Z log
✨ Compiled Worker successfully
---

--- 2026-05-21T03:29:46.257Z debug
-- START CF API REQUEST: GET https://api.cloudflare.com/client/v4/accounts/bc1bdebe9aa875983a540e4865703d33/pages/projects/new-project/upload-token
---

--- 2026-05-21T03:29:46.257Z debug
QUERY STRING: omitted; set WRANGLER_LOG_SANITIZE=false to include sanitized data
---

--- 2026-05-21T03:29:46.257Z debug
HEADERS: omitted; set WRANGLER_LOG_SANITIZE=false to include sanitized data
---

--- 2026-05-21T03:29:46.257Z debug
INIT: omitted; set WRANGLER_LOG_SANITIZE=false to include sanitized data
---

--- 2026-05-21T03:29:46.257Z debug
-- END CF API REQUEST
---

--- 2026-05-21T03:29:47.185Z debug
-- START CF API RESPONSE: OK 200
---

--- 2026-05-21T03:29:47.186Z debug
HEADERS: omitted; set WRANGLER_LOG_SANITIZE=false to include sanitized data
---

--- 2026-05-21T03:29:47.186Z debug
RESPONSE: omitted; set WRANGLER_LOG_SANITIZE=false to include sanitized data
---

--- 2026-05-21T03:29:47.187Z debug
-- END CF API RESPONSE
---

--- 2026-05-21T03:29:47.215Z debug
-- START CF API REQUEST: GET https://api.cloudflare.com/client/v4/accounts/bc1bdebe9aa875983a540e4865703d33/pages/projects/new-project/upload-token
---

--- 2026-05-21T03:29:47.215Z debug
QUERY STRING: omitted; set WRANGLER_LOG_SANITIZE=false to include sanitized data
---

--- 2026-05-21T03:29:47.216Z debug
HEADERS: omitted; set WRANGLER_LOG_SANITIZE=false to include sanitized data
---

--- 2026-05-21T03:29:47.216Z debug
INIT: omitted; set WRANGLER_LOG_SANITIZE=false to include sanitized data
---

--- 2026-05-21T03:29:47.216Z debug
-- END CF API REQUEST
---

--- 2026-05-21T03:29:47.790Z debug
-- START CF API RESPONSE: OK 200
---

--- 2026-05-21T03:29:47.790Z debug
HEADERS: omitted; set WRANGLER_LOG_SANITIZE=false to include sanitized data
---

--- 2026-05-21T03:29:47.790Z debug
RESPONSE: omitted; set WRANGLER_LOG_SANITIZE=false to include sanitized data
---

--- 2026-05-21T03:29:47.791Z debug
-- END CF API RESPONSE
---

--- 2026-05-21T03:29:47.792Z debug
-- START CF API REQUEST: POST https://api.cloudflare.com/client/v4/pages/assets/check-missing
---

--- 2026-05-21T03:29:47.792Z debug
QUERY STRING: omitted; set WRANGLER_LOG_SANITIZE=false to include sanitized data
---

--- 2026-05-21T03:29:47.792Z debug
HEADERS: omitted; set WRANGLER_LOG_SANITIZE=false to include sanitized data
---

--- 2026-05-21T03:29:47.793Z debug
INIT: omitted; set WRANGLER_LOG_SANITIZE=false to include sanitized data
---

--- 2026-05-21T03:29:47.793Z debug
-- END CF API REQUEST
---

--- 2026-05-21T03:29:48.255Z debug
-- START CF API RESPONSE: OK 200
---

--- 2026-05-21T03:29:48.256Z debug
HEADERS: omitted; set WRANGLER_LOG_SANITIZE=false to include sanitized data
---

--- 2026-05-21T03:29:48.256Z debug
RESPONSE: omitted; set WRANGLER_LOG_SANITIZE=false to include sanitized data
---

--- 2026-05-21T03:29:48.257Z debug
-- END CF API RESPONSE
---

--- 2026-05-21T03:29:48.268Z debug
POST /pages/assets/upload
---

--- 2026-05-21T03:29:48.268Z debug
-- START CF API REQUEST: POST https://api.cloudflare.com/client/v4/pages/assets/upload
---

--- 2026-05-21T03:29:48.269Z debug
QUERY STRING: omitted; set WRANGLER_LOG_SANITIZE=false to include sanitized data
---

--- 2026-05-21T03:29:48.269Z debug
HEADERS: omitted; set WRANGLER_LOG_SANITIZE=false to include sanitized data
---

--- 2026-05-21T03:29:48.269Z debug
INIT: omitted; set WRANGLER_LOG_SANITIZE=false to include sanitized data
---

--- 2026-05-21T03:29:48.269Z debug
-- END CF API REQUEST
---

--- 2026-05-21T03:29:48.270Z debug
POST /pages/assets/upload
---

--- 2026-05-21T03:29:48.270Z debug
-- START CF API REQUEST: POST https://api.cloudflare.com/client/v4/pages/assets/upload
---

--- 2026-05-21T03:29:48.270Z debug
QUERY STRING: omitted; set WRANGLER_LOG_SANITIZE=false to include sanitized data
---

--- 2026-05-21T03:29:48.271Z debug
HEADERS: omitted; set WRANGLER_LOG_SANITIZE=false to include sanitized data
---

--- 2026-05-21T03:29:48.271Z debug
INIT: omitted; set WRANGLER_LOG_SANITIZE=false to include sanitized data
---

--- 2026-05-21T03:29:48.271Z debug
-- END CF API REQUEST
---

--- 2026-05-21T03:29:48.274Z debug
POST /pages/assets/upload
---

--- 2026-05-21T03:29:48.274Z debug
-- START CF API REQUEST: POST https://api.cloudflare.com/client/v4/pages/assets/upload
---

--- 2026-05-21T03:29:48.274Z debug
QUERY STRING: omitted; set WRANGLER_LOG_SANITIZE=false to include sanitized data
---

--- 2026-05-21T03:29:48.274Z debug
HEADERS: omitted; set WRANGLER_LOG_SANITIZE=false to include sanitized data
---

--- 2026-05-21T03:29:48.274Z debug
INIT: omitted; set WRANGLER_LOG_SANITIZE=false to include sanitized data
---

--- 2026-05-21T03:29:48.274Z debug
-- END CF API REQUEST
---

--- 2026-05-21T03:29:48.918Z debug
-- START CF API RESPONSE: OK 200
---

--- 2026-05-21T03:29:48.919Z debug
HEADERS: omitted; set WRANGLER_LOG_SANITIZE=false to include sanitized data
---

--- 2026-05-21T03:29:48.919Z debug
RESPONSE: omitted; set WRANGLER_LOG_SANITIZE=false to include sanitized data
---

--- 2026-05-21T03:29:48.919Z debug
-- END CF API RESPONSE
---

--- 2026-05-21T03:29:48.919Z debug
result: { successful_key_count: 5, unsuccessful_keys: [] }
---

--- 2026-05-21T03:29:48.973Z debug
-- START CF API RESPONSE: OK 200
---

--- 2026-05-21T03:29:48.973Z debug
HEADERS: omitted; set WRANGLER_LOG_SANITIZE=false to include sanitized data
---

--- 2026-05-21T03:29:48.974Z debug
RESPONSE: omitted; set WRANGLER_LOG_SANITIZE=false to include sanitized data
---

--- 2026-05-21T03:29:48.974Z debug
-- END CF API RESPONSE
---

--- 2026-05-21T03:29:48.975Z debug
result: { successful_key_count: 4, unsuccessful_keys: [] }
---

--- 2026-05-21T03:29:49.378Z debug
-- START CF API RESPONSE: OK 200
---

--- 2026-05-21T03:29:49.378Z debug
HEADERS: omitted; set WRANGLER_LOG_SANITIZE=false to include sanitized data
---

--- 2026-05-21T03:29:49.378Z debug
RESPONSE: omitted; set WRANGLER_LOG_SANITIZE=false to include sanitized data
---

--- 2026-05-21T03:29:49.378Z debug
-- END CF API RESPONSE
---

--- 2026-05-21T03:29:49.379Z debug
result: { successful_key_count: 4, unsuccessful_keys: [] }
---

--- 2026-05-21T03:29:49.379Z log
✨ Success! Uploaded 13 files (5 already uploaded) (1.59 sec)

---

--- 2026-05-21T03:29:49.382Z debug
-- START CF API REQUEST: POST https://api.cloudflare.com/client/v4/pages/assets/upsert-hashes
---

--- 2026-05-21T03:29:49.383Z debug
QUERY STRING: omitted; set WRANGLER_LOG_SANITIZE=false to include sanitized data
---

--- 2026-05-21T03:29:49.384Z debug
HEADERS: omitted; set WRANGLER_LOG_SANITIZE=false to include sanitized data
---

--- 2026-05-21T03:29:49.385Z debug
INIT: omitted; set WRANGLER_LOG_SANITIZE=false to include sanitized data
---

--- 2026-05-21T03:29:49.385Z debug
-- END CF API REQUEST
---

--- 2026-05-21T03:29:49.869Z debug
-- START CF API RESPONSE: OK 200
---

--- 2026-05-21T03:29:49.870Z debug
HEADERS: omitted; set WRANGLER_LOG_SANITIZE=false to include sanitized data
---

--- 2026-05-21T03:29:49.870Z debug
RESPONSE: omitted; set WRANGLER_LOG_SANITIZE=false to include sanitized data
---

--- 2026-05-21T03:29:49.870Z debug
-- END CF API RESPONSE
---

--- 2026-05-21T03:29:49.881Z log
✨ Uploading Functions bundle
---

--- 2026-05-21T03:29:49.885Z debug
-- START CF API REQUEST: POST https://api.cloudflare.com/client/v4/accounts/bc1bdebe9aa875983a540e4865703d33/pages/projects/new-project/deployments
---

--- 2026-05-21T03:29:49.885Z debug
QUERY STRING: omitted; set WRANGLER_LOG_SANITIZE=false to include sanitized data
---

--- 2026-05-21T03:29:49.885Z debug
HEADERS: omitted; set WRANGLER_LOG_SANITIZE=false to include sanitized data
---

--- 2026-05-21T03:29:49.885Z debug
INIT: omitted; set WRANGLER_LOG_SANITIZE=false to include sanitized data
---

--- 2026-05-21T03:29:49.887Z debug
BODY: omitted; set WRANGLER_LOG_SANITIZE=false to include sanitized data
---

--- 2026-05-21T03:29:49.887Z debug
-- END CF API REQUEST
---

--- 2026-05-21T03:29:50.851Z debug
-- START CF API RESPONSE: OK 200
---

--- 2026-05-21T03:29:50.851Z debug
HEADERS: omitted; set WRANGLER_LOG_SANITIZE=false to include sanitized data
---

--- 2026-05-21T03:29:50.852Z debug
RESPONSE: omitted; set WRANGLER_LOG_SANITIZE=false to include sanitized data
---

--- 2026-05-21T03:29:50.852Z debug
-- END CF API RESPONSE
---

--- 2026-05-21T03:29:50.854Z debug
Saving to cache: {"account_id":"bc1bdebe9aa875983a540e4865703d33","project_name":"new-project"}
---

--- 2026-05-21T03:29:50.856Z log
🌎 Deploying...
---

--- 2026-05-21T03:29:51.868Z debug
attempt #1: Attempting to fetch status for deployment with id "c757c3cf-0efd-49d5-8763-7feedc80a05a" ...
---

--- 2026-05-21T03:29:51.869Z debug
-- START CF API REQUEST: GET https://api.cloudflare.com/client/v4/accounts/bc1bdebe9aa875983a540e4865703d33/pages/projects/new-project/deployments/c757c3cf-0efd-49d5-8763-7feedc80a05a
---

--- 2026-05-21T03:29:51.869Z debug
QUERY STRING: omitted; set WRANGLER_LOG_SANITIZE=false to include sanitized data
---

--- 2026-05-21T03:29:51.869Z debug
HEADERS: omitted; set WRANGLER_LOG_SANITIZE=false to include sanitized data
---

--- 2026-05-21T03:29:51.869Z debug
INIT: omitted; set WRANGLER_LOG_SANITIZE=false to include sanitized data
---

--- 2026-05-21T03:29:51.869Z debug
-- END CF API REQUEST
---

--- 2026-05-21T03:29:52.221Z debug
-- START CF API RESPONSE: OK 200
---

--- 2026-05-21T03:29:52.222Z debug
HEADERS: omitted; set WRANGLER_LOG_SANITIZE=false to include sanitized data
---

--- 2026-05-21T03:29:52.222Z debug
RESPONSE: omitted; set WRANGLER_LOG_SANITIZE=false to include sanitized data
---

--- 2026-05-21T03:29:52.222Z debug
-- END CF API RESPONSE
---

--- 2026-05-21T03:29:52.224Z log
✨ Deployment complete! Take a peek over at https://c757c3cf.new-project-9o2.pages.dev
---

--- 2026-05-21T03:29:52.226Z debug
Metrics dispatcher: Posting data {"deviceId":"e9ca98a5-2581-461e-ada9-0fc2f7e6c96e","event":"create pages deployment","timestamp":1779334192226,"properties":{"amplitude_session_id":1779334192225,"amplitude_event_id":0,"wranglerVersion":"4.93.0","wranglerMajorVersion":4,"wranglerMinorVersion":93,"wranglerPatchVersion":0,"osPlatform":"Windows","osVersion":"Windows 11 Pro","nodeVersion":24,"isFirstUsage":false,"configFileType":"none","isCI":false,"isPagesCI":false,"isWorkersCI":false,"isInteractive":true,"hasAssets":false,"agent":null,"category":"Workers","os":"win32:x64"}}
---

--- 2026-05-21T03:29:52.229Z debug
Metrics dispatcher: Posting data {"deviceId":"e9ca98a5-2581-461e-ada9-0fc2f7e6c96e","event":"wrangler command completed","timestamp":1779334192229,"properties":{"amplitude_session_id":1779334167946,"amplitude_event_id":1,"wranglerVersion":"4.93.0","wranglerMajorVersion":4,"wranglerMinorVersion":93,"wranglerPatchVersion":0,"osPlatform":"Windows","osVersion":"Windows 11 Pro","nodeVersion":24,"isFirstUsage":false,"configFileType":"none","isCI":false,"isPagesCI":false,"isWorkersCI":false,"isInteractive":true,"hasAssets":false,"agent":null,"argsUsed":["projectName"],"argsCombination":"projectName","sanitizedCommand":"pages deploy","sanitizedArgs":{},"durationMs":24288}}
---
